MSBuild version 17.8.36+03e28d165 for .NET
  Determining projects to restore...
  All projects are up-to-date for restore.
  BG.Domain -> C:\Users\Bakheet\Documents\Projects\BG\src\BG.Domain\bin\Debug\net8.0\BG.Domain.dll
  BG.Application -> C:\Users\Bakheet\Documents\Projects\BG\src\BG.Application\bin\Debug\net8.0\BG.Application.dll
  BG.Integrations -> C:\Users\Bakheet\Documents\Projects\BG\src\BG.Integrations\bin\Debug\net8.0\BG.Integrations.dll
  BG.Infrastructure -> C:\Users\Bakheet\Documents\Projects\BG\src\BG.Infrastructure\bin\Debug\net8.0\BG.Infrastructure.dll
Resources\Localization.SharedResource.resx : warning MSB3568: Duplicate resource name "Footer_HelpCenter" is not allowed, ignored. [C:\Users\Bakheet\Documents\Projects\BG\src\BG.Web\BG.Web.csproj]
Resources\Localization.SharedResource.resx : warning MSB3568: Duplicate resource name "Privacy_PageTitle" is not allowed, ignored. [C:\Users\Bakheet\Documents\Projects\BG\src\BG.Web\BG.Web.csproj]
Resources\Localization.SharedResource.ar.resx : warning MSB3568: Duplicate resource name "Footer_HelpCenter" is not allowed, ignored. [C:\Users\Bakheet\Documents\Projects\BG\src\BG.Web\BG.Web.csproj]
Resources\Localization.SharedResource.ar.resx : warning MSB3568: Duplicate resource name "Privacy_PageTitle" is not allowed, ignored. [C:\Users\Bakheet\Documents\Projects\BG\src\BG.Web\BG.Web.csproj]
C:\Users\Bakheet\Documents\Projects\BG\src\BG.Web\Configuration\BgMiddlewareExtensions.cs(24,55): warning CS1998: This async method lacks 'await' operators and will run synchronously. Consider using the 'await' operator to await non-blocking API calls, or 'await Task.Run(...)' to do CPU-bound work on a background thread. [C:\Users\Bakheet\Documents\Projects\BG\src\BG.Web\BG.Web.csproj]
C:\Program Files\dotnet\sdk\8.0.120\Microsoft.Common.CurrentVersion.targets(4911,5): warning MSB3026: Could not copy "C:\Users\Bakheet\Documents\Projects\BG\src\BG.Domain\bin\Debug\net8.0\BG.Domain.dll" to "bin\Debug\net8.0\BG.Domain.dll". Beginning retry 1 in 1000ms. The process cannot access the file 'C:\Users\Bakheet\Documents\Projects\BG\src\BG.Web\bin\Debug\net8.0\BG.Domain.dll' because it is being used by another process. The file is locked by: "BG.Web (26220), BG.Web (45960)" [C:\Users\Bakheet\Documents\Projects\BG\src\BG.Web\BG.Web.csproj]
C:\Program Files\dotnet\sdk\8.0.120\Microsoft.Common.CurrentVersion.targets(4911,5): warning MSB3026: Could not copy "C:\Users\Bakheet\Documents\Projects\BG\src\BG.Integrations\bin\Debug\net8.0\BG.Integrations.dll" to "bin\Debug\net8.0\BG.Integrations.dll". Beginning retry 1 in 1000ms. The process cannot access the file 'C:\Users\Bakheet\Documents\Projects\BG\src\BG.Web\bin\Debug\net8.0\BG.Integrations.dll' because it is being used by another process. The file is locked by: "BG.Web (26220), BG.Web (45960)" [C:\Users\Bakheet\Documents\Projects\BG\src\BG.Web\BG.Web.csproj]
C:\Program Files\dotnet\sdk\8.0.120\Microsoft.Common.CurrentVersion.targets(4911,5): warning MSB3026: Could not copy "C:\Users\Bakheet\Documents\Projects\BG\src\BG.Infrastructure\bin\Debug\net8.0\BG.Infrastructure.dll" to "bin\Debug\net8.0\BG.Infrastructure.dll". Beginning retry 1 in 1000ms. The process cannot access the file 'C:\Users\Bakheet\Documents\Projects\BG\src\BG.Web\bin\Debug\net8.0\BG.Infrastructure.dll' because it is being used by another process. The file is locked by: "BG.Web (26220), BG.Web (45960)" [C:\Users\Bakheet\Documents\Projects\BG\src\BG.Web\BG.Web.csproj]
C:\Program Files\dotnet\sdk\8.0.120\Microsoft.Common.CurrentVersion.targets(4911,5): warning MSB3026: Could not copy "C:\Users\Bakheet\Documents\Projects\BG\src\BG.Application\bin\Debug\net8.0\BG.Application.dll" to "bin\Debug\net8.0\BG.Application.dll". Beginning retry 1 in 1000ms. The process cannot access the file 'C:\Users\Bakheet\Documents\Projects\BG\src\BG.Web\bin\Debug\net8.0\BG.Application.dll' because it is being used by another process. The file is locked by: "BG.Web (26220), BG.Web (45960)" [C:\Users\Bakheet\Documents\Projects\BG\src\BG.Web\BG.Web.csproj]
C:\Program Files\dotnet\sdk\8.0.120\Microsoft.Common.CurrentVersion.targets(4911,5): warning MSB3026: Could not copy "C:\Users\Bakheet\Documents\Projects\BG\src\BG.Domain\bin\Debug\net8.0\BG.Domain.dll" to "bin\Debug\net8.0\BG.Domain.dll". Beginning retry 2 in 1000ms. The process cannot access the file 'C:\Users\Bakheet\Documents\Projects\BG\src\BG.Web\bin\Debug\net8.0\BG.Domain.dll' because it is being used by another process. The file is locked by: "BG.Web (26220), BG.Web (45960)" [C:\Users\Bakheet\Documents\Projects\BG\src\BG.Web\BG.Web.csproj]
C:\Program Files\dotnet\sdk\8.0.120\Microsoft.Common.CurrentVersion.targets(4911,5): warning MSB3026: Could not copy "C:\Users\Bakheet\Documents\Projects\BG\src\BG.Infrastructure\bin\Debug\net8.0\BG.Infrastructure.dll" to "bin\Debug\net8.0\BG.Infrastructure.dll". Beginning retry 2 in 1000ms. The process cannot access the file 'C:\Users\Bakheet\Documents\Projects\BG\src\BG.Web\bin\Debug\net8.0\BG.Infrastructure.dll' because it is being used by another process. The file is locked by: "BG.Web (26220), BG.Web (45960)" [C:\Users\Bakheet\Documents\Projects\BG\src\BG.Web\BG.Web.csproj]
C:\Program Files\dotnet\sdk\8.0.120\Microsoft.Common.CurrentVersion.targets(4911,5): warning MSB3026: Could not copy "C:\Users\Bakheet\Documents\Projects\BG\src\BG.Integrations\bin\Debug\net8.0\BG.Integrations.dll" to "bin\Debug\net8.0\BG.Integrations.dll". Beginning retry 2 in 1000ms. The process cannot access the file 'C:\Users\Bakheet\Documents\Projects\BG\src\BG.Web\bin\Debug\net8.0\BG.Integrations.dll' because it is being used by another process. The file is locked by: "BG.Web (26220), BG.Web (45960)" [C:\Users\Bakheet\Documents\Projects\BG\src\BG.Web\BG.Web.csproj]
C:\Program Files\dotnet\sdk\8.0.120\Microsoft.Common.CurrentVersion.targets(4911,5): warning MSB3026: Could not copy "C:\Users\Bakheet\Documents\Projects\BG\src\BG.Application\bin\Debug\net8.0\BG.Application.dll" to "bin\Debug\net8.0\BG.Application.dll". Beginning retry 2 in 1000ms. The process cannot access the file 'C:\Users\Bakheet\Documents\Projects\BG\src\BG.Web\bin\Debug\net8.0\BG.Application.dll' because it is being used by another process. The file is locked by: "BG.Web (26220), BG.Web (45960)" [C:\Users\Bakheet\Documents\Projects\BG\src\BG.Web\BG.Web.csproj]
C:\Program Files\dotnet\sdk\8.0.120\Microsoft.Common.CurrentVersion.targets(4911,5): warning MSB3026: Could not copy "C:\Users\Bakheet\Documents\Projects\BG\src\BG.Domain\bin\Debug\net8.0\BG.Domain.dll" to "bin\Debug\net8.0\BG.Domain.dll". Beginning retry 3 in 1000ms. The process cannot access the file 'C:\Users\Bakheet\Documents\Projects\BG\src\BG.Web\bin\Debug\net8.0\BG.Domain.dll' because it is being used by another process. The file is locked by: "BG.Web (26220), BG.Web (45960)" [C:\Users\Bakheet\Documents\Projects\BG\src\BG.Web\BG.Web.csproj]
C:\Program Files\dotnet\sdk\8.0.120\Microsoft.Common.CurrentVersion.targets(4911,5): warning MSB3026: Could not copy "C:\Users\Bakheet\Documents\Projects\BG\src\BG.Integrations\bin\Debug\net8.0\BG.Integrations.dll" to "bin\Debug\net8.0\BG.Integrations.dll". Beginning retry 3 in 1000ms. The process cannot access the file 'C:\Users\Bakheet\Documents\Projects\BG\src\BG.Web\bin\Debug\net8.0\BG.Integrations.dll' because it is being used by another process. The file is locked by: "BG.Web (26220), BG.Web (45960)" [C:\Users\Bakheet\Documents\Projects\BG\src\BG.Web\BG.Web.csproj]
C:\Program Files\dotnet\sdk\8.0.120\Microsoft.Common.CurrentVersion.targets(4911,5): warning MSB3026: Could not copy "C:\Users\Bakheet\Documents\Projects\BG\src\BG.Infrastructure\bin\Debug\net8.0\BG.Infrastructure.dll" to "bin\Debug\net8.0\BG.Infrastructure.dll". Beginning retry 3 in 1000ms. The process cannot access the file 'C:\Users\Bakheet\Documents\Projects\BG\src\BG.Web\bin\Debug\net8.0\BG.Infrastructure.dll' because it is being used by another process. The file is locked by: "BG.Web (26220), BG.Web (45960)" [C:\Users\Bakheet\Documents\Projects\BG\src\BG.Web\BG.Web.csproj]
C:\Program Files\dotnet\sdk\8.0.120\Microsoft.Common.CurrentVersion.targets(4911,5): warning MSB3026: Could not copy "C:\Users\Bakheet\Documents\Projects\BG\src\BG.Application\bin\Debug\net8.0\BG.Application.dll" to "bin\Debug\net8.0\BG.Application.dll". Beginning retry 3 in 1000ms. The process cannot access the file 'C:\Users\Bakheet\Documents\Projects\BG\src\BG.Web\bin\Debug\net8.0\BG.Application.dll' because it is being used by another process. The file is locked by: "BG.Web (26220), BG.Web (45960)" [C:\Users\Bakheet\Documents\Projects\BG\src\BG.Web\BG.Web.csproj]
C:\Program Files\dotnet\sdk\8.0.120\Microsoft.Common.CurrentVersion.targets(4911,5): warning MSB3026: Could not copy "C:\Users\Bakheet\Documents\Projects\BG\src\BG.Domain\bin\Debug\net8.0\BG.Domain.dll" to "bin\Debug\net8.0\BG.Domain.dll". Beginning retry 4 in 1000ms. The process cannot access the file 'C:\Users\Bakheet\Documents\Projects\BG\src\BG.Web\bin\Debug\net8.0\BG.Domain.dll' because it is being used by another process. The file is locked by: "BG.Web (26220), BG.Web (45960)" [C:\Users\Bakheet\Documents\Projects\BG\src\BG.Web\BG.Web.csproj]
C:\Program Files\dotnet\sdk\8.0.120\Microsoft.Common.CurrentVersion.targets(4911,5): warning MSB3026: Could not copy "C:\Users\Bakheet\Documents\Projects\BG\src\BG.Integrations\bin\Debug\net8.0\BG.Integrations.dll" to "bin\Debug\net8.0\BG.Integrations.dll". Beginning retry 4 in 1000ms. The process cannot access the file 'C:\Users\Bakheet\Documents\Projects\BG\src\BG.Web\bin\Debug\net8.0\BG.Integrations.dll' because it is being used by another process. The file is locked by: "BG.Web (26220), BG.Web (45960)" [C:\Users\Bakheet\Documents\Projects\BG\src\BG.Web\BG.Web.csproj]
C:\Program Files\dotnet\sdk\8.0.120\Microsoft.Common.CurrentVersion.targets(4911,5): warning MSB3026: Could not copy "C:\Users\Bakheet\Documents\Projects\BG\src\BG.Application\bin\Debug\net8.0\BG.Application.dll" to "bin\Debug\net8.0\BG.Application.dll". Beginning retry 4 in 1000ms. The process cannot access the file 'C:\Users\Bakheet\Documents\Projects\BG\src\BG.Web\bin\Debug\net8.0\BG.Application.dll' because it is being used by another process. The file is locked by: "BG.Web (26220), BG.Web (45960)" [C:\Users\Bakheet\Documents\Projects\BG\src\BG.Web\BG.Web.csproj]
C:\Program Files\dotnet\sdk\8.0.120\Microsoft.Common.CurrentVersion.targets(4911,5): warning MSB3026: Could not copy "C:\Users\Bakheet\Documents\Projects\BG\src\BG.Infrastructure\bin\Debug\net8.0\BG.Infrastructure.dll" to "bin\Debug\net8.0\BG.Infrastructure.dll". Beginning retry 4 in 1000ms. The process cannot access the file 'C:\Users\Bakheet\Documents\Projects\BG\src\BG.Web\bin\Debug\net8.0\BG.Infrastructure.dll' because it is being used by another process. The file is locked by: "BG.Web (26220), BG.Web (45960)" [C:\Users\Bakheet\Documents\Projects\BG\src\BG.Web\BG.Web.csproj]
C:\Program Files\dotnet\sdk\8.0.120\Microsoft.Common.CurrentVersion.targets(4911,5): warning MSB3026: Could not copy "C:\Users\Bakheet\Documents\Projects\BG\src\BG.Domain\bin\Debug\net8.0\BG.Domain.dll" to "bin\Debug\net8.0\BG.Domain.dll". Beginning retry 5 in 1000ms. The process cannot access the file 'C:\Users\Bakheet\Documents\Projects\BG\src\BG.Web\bin\Debug\net8.0\BG.Domain.dll' because it is being used by another process. The file is locked by: "BG.Web (26220), BG.Web (45960)" [C:\Users\Bakheet\Documents\Projects\BG\src\BG.Web\BG.Web.csproj]
C:\Program Files\dotnet\sdk\8.0.120\Microsoft.Common.CurrentVersion.targets(4911,5): warning MSB3026: Could not copy "C:\Users\Bakheet\Documents\Projects\BG\src\BG.Integrations\bin\Debug\net8.0\BG.Integrations.dll" to "bin\Debug\net8.0\BG.Integrations.dll". Beginning retry 5 in 1000ms. The process cannot access the file 'C:\Users\Bakheet\Documents\Projects\BG\src\BG.Web\bin\Debug\net8.0\BG.Integrations.dll' because it is being used by another process. The file is locked by: "BG.Web (26220), BG.Web (45960)" [C:\Users\Bakheet\Documents\Projects\BG\src\BG.Web\BG.Web.csproj]
C:\Program Files\dotnet\sdk\8.0.120\Microsoft.Common.CurrentVersion.targets(4911,5): warning MSB3026: Could not copy "C:\Users\Bakheet\Documents\Projects\BG\src\BG.Infrastructure\bin\Debug\net8.0\BG.Infrastructure.dll" to "bin\Debug\net8.0\BG.Infrastructure.dll". Beginning retry 5 in 1000ms. The process cannot access the file 'C:\Users\Bakheet\Documents\Projects\BG\src\BG.Web\bin\Debug\net8.0\BG.Infrastructure.dll' because it is being used by another process. The file is locked by: "BG.Web (26220), BG.Web (45960)" [C:\Users\Bakheet\Documents\Projects\BG\src\BG.Web\BG.Web.csproj]
C:\Program Files\dotnet\sdk\8.0.120\Microsoft.Common.CurrentVersion.targets(4911,5): warning MSB3026: Could not copy "C:\Users\Bakheet\Documents\Projects\BG\src\BG.Application\bin\Debug\net8.0\BG.Application.dll" to "bin\Debug\net8.0\BG.Application.dll". Beginning retry 5 in 1000ms. The process cannot access the file 'C:\Users\Bakheet\Documents\Projects\BG\src\BG.Web\bin\Debug\net8.0\BG.Application.dll' because it is being used by another process. The file is locked by: "BG.Web (26220), BG.Web (45960)" [C:\Users\Bakheet\Documents\Projects\BG\src\BG.Web\BG.Web.csproj]
C:\Program Files\dotnet\sdk\8.0.120\Microsoft.Common.CurrentVersion.targets(4911,5): warning MSB3026: Could not copy "C:\Users\Bakheet\Documents\Projects\BG\src\BG.Domain\bin\Debug\net8.0\BG.Domain.dll" to "bin\Debug\net8.0\BG.Domain.dll". Beginning retry 6 in 1000ms. The process cannot access the file 'C:\Users\Bakheet\Documents\Projects\BG\src\BG.Web\bin\Debug\net8.0\BG.Domain.dll' because it is being used by another process. The file is locked by: "BG.Web (26220), BG.Web (45960)" [C:\Users\Bakheet\Documents\Projects\BG\src\BG.Web\BG.Web.csproj]
C:\Program Files\dotnet\sdk\8.0.120\Microsoft.Common.CurrentVersion.targets(4911,5): warning MSB3026: Could not copy "C:\Users\Bakheet\Documents\Projects\BG\src\BG.Integrations\bin\Debug\net8.0\BG.Integrations.dll" to "bin\Debug\net8.0\BG.Integrations.dll". Beginning retry 6 in 1000ms. The process cannot access the file 'C:\Users\Bakheet\Documents\Projects\BG\src\BG.Web\bin\Debug\net8.0\BG.Integrations.dll' because it is being used by another process. The file is locked by: "BG.Web (26220), BG.Web (45960)" [C:\Users\Bakheet\Documents\Projects\BG\src\BG.Web\BG.Web.csproj]
C:\Program Files\dotnet\sdk\8.0.120\Microsoft.Common.CurrentVersion.targets(4911,5): warning MSB3026: Could not copy "C:\Users\Bakheet\Documents\Projects\BG\src\BG.Infrastructure\bin\Debug\net8.0\BG.Infrastructure.dll" to "bin\Debug\net8.0\BG.Infrastructure.dll". Beginning retry 6 in 1000ms. The process cannot access the file 'C:\Users\Bakheet\Documents\Projects\BG\src\BG.Web\bin\Debug\net8.0\BG.Infrastructure.dll' because it is being used by another process. The file is locked by: "BG.Web (26220), BG.Web (45960)" [C:\Users\Bakheet\Documents\Projects\BG\src\BG.Web\BG.Web.csproj]
C:\Program Files\dotnet\sdk\8.0.120\Microsoft.Common.CurrentVersion.targets(4911,5): warning MSB3026: Could not copy "C:\Users\Bakheet\Documents\Projects\BG\src\BG.Application\bin\Debug\net8.0\BG.Application.dll" to "bin\Debug\net8.0\BG.Application.dll". Beginning retry 6 in 1000ms. The process cannot access the file 'C:\Users\Bakheet\Documents\Projects\BG\src\BG.Web\bin\Debug\net8.0\BG.Application.dll' because it is being used by another process. The file is locked by: "BG.Web (26220), BG.Web (45960)" [C:\Users\Bakheet\Documents\Projects\BG\src\BG.Web\BG.Web.csproj]
C:\Program Files\dotnet\sdk\8.0.120\Microsoft.Common.CurrentVersion.targets(4911,5): warning MSB3026: Could not copy "C:\Users\Bakheet\Documents\Projects\BG\src\BG.Domain\bin\Debug\net8.0\BG.Domain.dll" to "bin\Debug\net8.0\BG.Domain.dll". Beginning retry 7 in 1000ms. The process cannot access the file 'C:\Users\Bakheet\Documents\Projects\BG\src\BG.Web\bin\Debug\net8.0\BG.Domain.dll' because it is being used by another process. The file is locked by: "BG.Web (26220), BG.Web (45960)" [C:\Users\Bakheet\Documents\Projects\BG\src\BG.Web\BG.Web.csproj]
C:\Program Files\dotnet\sdk\8.0.120\Microsoft.Common.CurrentVersion.targets(4911,5): warning MSB3026: Could not copy "C:\Users\Bakheet\Documents\Projects\BG\src\BG.Integrations\bin\Debug\net8.0\BG.Integrations.dll" to "bin\Debug\net8.0\BG.Integrations.dll". Beginning retry 7 in 1000ms. The process cannot access the file 'C:\Users\Bakheet\Documents\Projects\BG\src\BG.Web\bin\Debug\net8.0\BG.Integrations.dll' because it is being used by another process. The file is locked by: "BG.Web (26220), BG.Web (45960)" [C:\Users\Bakheet\Documents\Projects\BG\src\BG.Web\BG.Web.csproj]
C:\Program Files\dotnet\sdk\8.0.120\Microsoft.Common.CurrentVersion.targets(4911,5): warning MSB3026: Could not copy "C:\Users\Bakheet\Documents\Projects\BG\src\BG.Infrastructure\bin\Debug\net8.0\BG.Infrastructure.dll" to "bin\Debug\net8.0\BG.Infrastructure.dll". Beginning retry 7 in 1000ms. The process cannot access the file 'C:\Users\Bakheet\Documents\Projects\BG\src\BG.Web\bin\Debug\net8.0\BG.Infrastructure.dll' because it is being used by another process. The file is locked by: "BG.Web (26220), BG.Web (45960)" [C:\Users\Bakheet\Documents\Projects\BG\src\BG.Web\BG.Web.csproj]
C:\Program Files\dotnet\sdk\8.0.120\Microsoft.Common.CurrentVersion.targets(4911,5): warning MSB3026: Could not copy "C:\Users\Bakheet\Documents\Projects\BG\src\BG.Application\bin\Debug\net8.0\BG.Application.dll" to "bin\Debug\net8.0\BG.Application.dll". Beginning retry 7 in 1000ms. The process cannot access the file 'C:\Users\Bakheet\Documents\Projects\BG\src\BG.Web\bin\Debug\net8.0\BG.Application.dll' because it is being used by another process. The file is locked by: "BG.Web (26220), BG.Web (45960)" [C:\Users\Bakheet\Documents\Projects\BG\src\BG.Web\BG.Web.csproj]
C:\Program Files\dotnet\sdk\8.0.120\Microsoft.Common.CurrentVersion.targets(4911,5): warning MSB3026: Could not copy "C:\Users\Bakheet\Documents\Projects\BG\src\BG.Domain\bin\Debug\net8.0\BG.Domain.dll" to "bin\Debug\net8.0\BG.Domain.dll". Beginning retry 8 in 1000ms. The process cannot access the file 'C:\Users\Bakheet\Documents\Projects\BG\src\BG.Web\bin\Debug\net8.0\BG.Domain.dll' because it is being used by another process. The file is locked by: "BG.Web (26220), BG.Web (45960)" [C:\Users\Bakheet\Documents\Projects\BG\src\BG.Web\BG.Web.csproj]
C:\Program Files\dotnet\sdk\8.0.120\Microsoft.Common.CurrentVersion.targets(4911,5): warning MSB3026: Could not copy "C:\Users\Bakheet\Documents\Projects\BG\src\BG.Integrations\bin\Debug\net8.0\BG.Integrations.dll" to "bin\Debug\net8.0\BG.Integrations.dll". Beginning retry 8 in 1000ms. The process cannot access the file 'C:\Users\Bakheet\Documents\Projects\BG\src\BG.Web\bin\Debug\net8.0\BG.Integrations.dll' because it is being used by another process. The file is locked by: "BG.Web (26220), BG.Web (45960)" [C:\Users\Bakheet\Documents\Projects\BG\src\BG.Web\BG.Web.csproj]
C:\Program Files\dotnet\sdk\8.0.120\Microsoft.Common.CurrentVersion.targets(4911,5): warning MSB3026: Could not copy "C:\Users\Bakheet\Documents\Projects\BG\src\BG.Application\bin\Debug\net8.0\BG.Application.dll" to "bin\Debug\net8.0\BG.Application.dll". Beginning retry 8 in 1000ms. The process cannot access the file 'C:\Users\Bakheet\Documents\Projects\BG\src\BG.Web\bin\Debug\net8.0\BG.Application.dll' because it is being used by another process. The file is locked by: "BG.Web (26220), BG.Web (45960)" [C:\Users\Bakheet\Documents\Projects\BG\src\BG.Web\BG.Web.csproj]
C:\Program Files\dotnet\sdk\8.0.120\Microsoft.Common.CurrentVersion.targets(4911,5): warning MSB3026: Could not copy "C:\Users\Bakheet\Documents\Projects\BG\src\BG.Infrastructure\bin\Debug\net8.0\BG.Infrastructure.dll" to "bin\Debug\net8.0\BG.Infrastructure.dll". Beginning retry 8 in 1000ms. The process cannot access the file 'C:\Users\Bakheet\Documents\Projects\BG\src\BG.Web\bin\Debug\net8.0\BG.Infrastructure.dll' because it is being used by another process. The file is locked by: "BG.Web (26220), BG.Web (45960)" [C:\Users\Bakheet\Documents\Projects\BG\src\BG.Web\BG.Web.csproj]
C:\Program Files\dotnet\sdk\8.0.120\Microsoft.Common.CurrentVersion.targets(4911,5): warning MSB3026: Could not copy "C:\Users\Bakheet\Documents\Projects\BG\src\BG.Domain\bin\Debug\net8.0\BG.Domain.dll" to "bin\Debug\net8.0\BG.Domain.dll". Beginning retry 9 in 1000ms. The process cannot access the file 'C:\Users\Bakheet\Documents\Projects\BG\src\BG.Web\bin\Debug\net8.0\BG.Domain.dll' because it is being used by another process. The file is locked by: "BG.Web (26220), BG.Web (45960)" [C:\Users\Bakheet\Documents\Projects\BG\src\BG.Web\BG.Web.csproj]
C:\Program Files\dotnet\sdk\8.0.120\Microsoft.Common.CurrentVersion.targets(4911,5): warning MSB3026: Could not copy "C:\Users\Bakheet\Documents\Projects\BG\src\BG.Integrations\bin\Debug\net8.0\BG.Integrations.dll" to "bin\Debug\net8.0\BG.Integrations.dll". Beginning retry 9 in 1000ms. The process cannot access the file 'C:\Users\Bakheet\Documents\Projects\BG\src\BG.Web\bin\Debug\net8.0\BG.Integrations.dll' because it is being used by another process. The file is locked by: "BG.Web (26220), BG.Web (45960)" [C:\Users\Bakheet\Documents\Projects\BG\src\BG.Web\BG.Web.csproj]
C:\Program Files\dotnet\sdk\8.0.120\Microsoft.Common.CurrentVersion.targets(4911,5): warning MSB3026: Could not copy "C:\Users\Bakheet\Documents\Projects\BG\src\BG.Infrastructure\bin\Debug\net8.0\BG.Infrastructure.dll" to "bin\Debug\net8.0\BG.Infrastructure.dll". Beginning retry 9 in 1000ms. The process cannot access the file 'C:\Users\Bakheet\Documents\Projects\BG\src\BG.Web\bin\Debug\net8.0\BG.Infrastructure.dll' because it is being used by another process. The file is locked by: "BG.Web (26220), BG.Web (45960)" [C:\Users\Bakheet\Documents\Projects\BG\src\BG.Web\BG.Web.csproj]
C:\Program Files\dotnet\sdk\8.0.120\Microsoft.Common.CurrentVersion.targets(4911,5): warning MSB3026: Could not copy "C:\Users\Bakheet\Documents\Projects\BG\src\BG.Application\bin\Debug\net8.0\BG.Application.dll" to "bin\Debug\net8.0\BG.Application.dll". Beginning retry 9 in 1000ms. The process cannot access the file 'C:\Users\Bakheet\Documents\Projects\BG\src\BG.Web\bin\Debug\net8.0\BG.Application.dll' because it is being used by another process. The file is locked by: "BG.Web (26220), BG.Web (45960)" [C:\Users\Bakheet\Documents\Projects\BG\src\BG.Web\BG.Web.csproj]
C:\Program Files\dotnet\sdk\8.0.120\Microsoft.Common.CurrentVersion.targets(4911,5): warning MSB3026: Could not copy "C:\Users\Bakheet\Documents\Projects\BG\src\BG.Integrations\bin\Debug\net8.0\BG.Integrations.dll" to "bin\Debug\net8.0\BG.Integrations.dll". Beginning retry 10 in 1000ms. The process cannot access the file 'C:\Users\Bakheet\Documents\Projects\BG\src\BG.Web\bin\Debug\net8.0\BG.Integrations.dll' because it is being used by another process. The file is locked by: "BG.Web (26220), BG.Web (45960)" [C:\Users\Bakheet\Documents\Projects\BG\src\BG.Web\BG.Web.csproj]
C:\Program Files\dotnet\sdk\8.0.120\Microsoft.Common.CurrentVersion.targets(4911,5): warning MSB3026: Could not copy "C:\Users\Bakheet\Documents\Projects\BG\src\BG.Domain\bin\Debug\net8.0\BG.Domain.dll" to "bin\Debug\net8.0\BG.Domain.dll". Beginning retry 10 in 1000ms. The process cannot access the file 'C:\Users\Bakheet\Documents\Projects\BG\src\BG.Web\bin\Debug\net8.0\BG.Domain.dll' because it is being used by another process. The file is locked by: "BG.Web (26220), BG.Web (45960)" [C:\Users\Bakheet\Documents\Projects\BG\src\BG.Web\BG.Web.csproj]
C:\Program Files\dotnet\sdk\8.0.120\Microsoft.Common.CurrentVersion.targets(4911,5): warning MSB3026: Could not copy "C:\Users\Bakheet\Documents\Projects\BG\src\BG.Application\bin\Debug\net8.0\BG.Application.dll" to "bin\Debug\net8.0\BG.Application.dll". Beginning retry 10 in 1000ms. The process cannot access the file 'C:\Users\Bakheet\Documents\Projects\BG\src\BG.Web\bin\Debug\net8.0\BG.Application.dll' because it is being used by another process. The file is locked by: "BG.Web (26220), BG.Web (45960)" [C:\Users\Bakheet\Documents\Projects\BG\src\BG.Web\BG.Web.csproj]
C:\Program Files\dotnet\sdk\8.0.120\Microsoft.Common.CurrentVersion.targets(4911,5): warning MSB3026: Could not copy "C:\Users\Bakheet\Documents\Projects\BG\src\BG.Infrastructure\bin\Debug\net8.0\BG.Infrastructure.dll" to "bin\Debug\net8.0\BG.Infrastructure.dll". Beginning retry 10 in 1000ms. The process cannot access the file 'C:\Users\Bakheet\Documents\Projects\BG\src\BG.Web\bin\Debug\net8.0\BG.Infrastructure.dll' because it is being used by another process. The file is locked by: "BG.Web (26220), BG.Web (45960)" [C:\Users\Bakheet\Documents\Projects\BG\src\BG.Web\BG.Web.csproj]
C:\Program Files\dotnet\sdk\8.0.120\Microsoft.Common.CurrentVersion.targets(4911,5): error MSB3027: Could not copy "C:\Users\Bakheet\Documents\Projects\BG\src\BG.Domain\bin\Debug\net8.0\BG.Domain.dll" to "bin\Debug\net8.0\BG.Domain.dll". Exceeded retry count of 10. Failed. The file is locked by: "BG.Web (26220), BG.Web (45960)" [C:\Users\Bakheet\Documents\Projects\BG\src\BG.Web\BG.Web.csproj]
C:\Program Files\dotnet\sdk\8.0.120\Microsoft.Common.CurrentVersion.targets(4911,5): error MSB3021: Unable to copy file "C:\Users\Bakheet\Documents\Projects\BG\src\BG.Domain\bin\Debug\net8.0\BG.Domain.dll" to "bin\Debug\net8.0\BG.Domain.dll". The process cannot access the file 'C:\Users\Bakheet\Documents\Projects\BG\src\BG.Web\bin\Debug\net8.0\BG.Domain.dll' because it is being used by another process. [C:\Users\Bakheet\Documents\Projects\BG\src\BG.Web\BG.Web.csproj]
C:\Program Files\dotnet\sdk\8.0.120\Microsoft.Common.CurrentVersion.targets(4911,5): error MSB3027: Could not copy "C:\Users\Bakheet\Documents\Projects\BG\src\BG.Integrations\bin\Debug\net8.0\BG.Integrations.dll" to "bin\Debug\net8.0\BG.Integrations.dll". Exceeded retry count of 10. Failed. The file is locked by: "BG.Web (26220), BG.Web (45960)" [C:\Users\Bakheet\Documents\Projects\BG\src\BG.Web\BG.Web.csproj]
C:\Program Files\dotnet\sdk\8.0.120\Microsoft.Common.CurrentVersion.targets(4911,5): error MSB3021: Unable to copy file "C:\Users\Bakheet\Documents\Projects\BG\src\BG.Integrations\bin\Debug\net8.0\BG.Integrations.dll" to "bin\Debug\net8.0\BG.Integrations.dll". The process cannot access the file 'C:\Users\Bakheet\Documents\Projects\BG\src\BG.Web\bin\Debug\net8.0\BG.Integrations.dll' because it is being used by another process. [C:\Users\Bakheet\Documents\Projects\BG\src\BG.Web\BG.Web.csproj]
C:\Program Files\dotnet\sdk\8.0.120\Microsoft.Common.CurrentVersion.targets(4911,5): error MSB3027: Could not copy "C:\Users\Bakheet\Documents\Projects\BG\src\BG.Application\bin\Debug\net8.0\BG.Application.dll" to "bin\Debug\net8.0\BG.Application.dll". Exceeded retry count of 10. Failed. The file is locked by: "BG.Web (26220), BG.Web (45960)" [C:\Users\Bakheet\Documents\Projects\BG\src\BG.Web\BG.Web.csproj]
C:\Program Files\dotnet\sdk\8.0.120\Microsoft.Common.CurrentVersion.targets(4911,5): error MSB3021: Unable to copy file "C:\Users\Bakheet\Documents\Projects\BG\src\BG.Application\bin\Debug\net8.0\BG.Application.dll" to "bin\Debug\net8.0\BG.Application.dll". The process cannot access the file 'C:\Users\Bakheet\Documents\Projects\BG\src\BG.Web\bin\Debug\net8.0\BG.Application.dll' because it is being used by another process. [C:\Users\Bakheet\Documents\Projects\BG\src\BG.Web\BG.Web.csproj]
C:\Program Files\dotnet\sdk\8.0.120\Microsoft.Common.CurrentVersion.targets(4911,5): error MSB3027: Could not copy "C:\Users\Bakheet\Documents\Projects\BG\src\BG.Infrastructure\bin\Debug\net8.0\BG.Infrastructure.dll" to "bin\Debug\net8.0\BG.Infrastructure.dll". Exceeded retry count of 10. Failed. The file is locked by: "BG.Web (26220), BG.Web (45960)" [C:\Users\Bakheet\Documents\Projects\BG\src\BG.Web\BG.Web.csproj]
C:\Program Files\dotnet\sdk\8.0.120\Microsoft.Common.CurrentVersion.targets(4911,5): error MSB3021: Unable to copy file "C:\Users\Bakheet\Documents\Projects\BG\src\BG.Infrastructure\bin\Debug\net8.0\BG.Infrastructure.dll" to "bin\Debug\net8.0\BG.Infrastructure.dll". The process cannot access the file 'C:\Users\Bakheet\Documents\Projects\BG\src\BG.Web\bin\Debug\net8.0\BG.Infrastructure.dll' because it is being used by another process. [C:\Users\Bakheet\Documents\Projects\BG\src\BG.Web\BG.Web.csproj]

Build FAILED.

Resources\Localization.SharedResource.resx : warning MSB3568: Duplicate resource name "Footer_HelpCenter" is not allowed, ignored. [C:\Users\Bakheet\Documents\Projects\BG\src\BG.Web\BG.Web.csproj]
Resources\Localization.SharedResource.resx : warning MSB3568: Duplicate resource name "Privacy_PageTitle" is not allowed, ignored. [C:\Users\Bakheet\Documents\Projects\BG\src\BG.Web\BG.Web.csproj]
Resources\Localization.SharedResource.ar.resx : warning MSB3568: Duplicate resource name "Footer_HelpCenter" is not allowed, ignored. [C:\Users\Bakheet\Documents\Projects\BG\src\BG.Web\BG.Web.csproj]
Resources\Localization.SharedResource.ar.resx : warning MSB3568: Duplicate resource name "Privacy_PageTitle" is not allowed, ignored. [C:\Users\Bakheet\Documents\Projects\BG\src\BG.Web\BG.Web.csproj]
C:\Users\Bakheet\Documents\Projects\BG\src\BG.Web\Configuration\BgMiddlewareExtensions.cs(24,55): warning CS1998: This async method lacks 'await' operators and will run synchronously. Consider using the 'await' operator to await non-blocking API calls, or 'await Task.Run(...)' to do CPU-bound work on a background thread. [C:\Users\Bakheet\Documents\Projects\BG\src\BG.Web\BG.Web.csproj]
C:\Program Files\dotnet\sdk\8.0.120\Microsoft.Common.CurrentVersion.targets(4911,5): warning MSB3026: Could not copy "C:\Users\Bakheet\Documents\Projects\BG\src\BG.Domain\bin\Debug\net8.0\BG.Domain.dll" to "bin\Debug\net8.0\BG.Domain.dll". Beginning retry 1 in 1000ms. The process cannot access the file 'C:\Users\Bakheet\Documents\Projects\BG\src\BG.Web\bin\Debug\net8.0\BG.Domain.dll' because it is being used by another process. The file is locked by: "BG.Web (26220), BG.Web (45960)" [C:\Users\Bakheet\Documents\Projects\BG\src\BG.Web\BG.Web.csproj]
C:\Program Files\dotnet\sdk\8.0.120\Microsoft.Common.CurrentVersion.targets(4911,5): warning MSB3026: Could not copy "C:\Users\Bakheet\Documents\Projects\BG\src\BG.Integrations\bin\Debug\net8.0\BG.Integrations.dll" to "bin\Debug\net8.0\BG.Integrations.dll". Beginning retry 1 in 1000ms. The process cannot access the file 'C:\Users\Bakheet\Documents\Projects\BG\src\BG.Web\bin\Debug\net8.0\BG.Integrations.dll' because it is being used by another process. The file is locked by: "BG.Web (26220), BG.Web (45960)" [C:\Users\Bakheet\Documents\Projects\BG\src\BG.Web\BG.Web.csproj]
C:\Program Files\dotnet\sdk\8.0.120\Microsoft.Common.CurrentVersion.targets(4911,5): warning MSB3026: Could not copy "C:\Users\Bakheet\Documents\Projects\BG\src\BG.Infrastructure\bin\Debug\net8.0\BG.Infrastructure.dll" to "bin\Debug\net8.0\BG.Infrastructure.dll". Beginning retry 1 in 1000ms. The process cannot access the file 'C:\Users\Bakheet\Documents\Projects\BG\src\BG.Web\bin\Debug\net8.0\BG.Infrastructure.dll' because it is being used by another process. The file is locked by: "BG.Web (26220), BG.Web (45960)" [C:\Users\Bakheet\Documents\Projects\BG\src\BG.Web\BG.Web.csproj]
C:\Program Files\dotnet\sdk\8.0.120\Microsoft.Common.CurrentVersion.targets(4911,5): warning MSB3026: Could not copy "C:\Users\Bakheet\Documents\Projects\BG\src\BG.Application\bin\Debug\net8.0\BG.Application.dll" to "bin\Debug\net8.0\BG.Application.dll". Beginning retry 1 in 1000ms. The process cannot access the file 'C:\Users\Bakheet\Documents\Projects\BG\src\BG.Web\bin\Debug\net8.0\BG.Application.dll' because it is being used by another process. The file is locked by: "BG.Web (26220), BG.Web (45960)" [C:\Users\Bakheet\Documents\Projects\BG\src\BG.Web\BG.Web.csproj]
C:\Program Files\dotnet\sdk\8.0.120\Microsoft.Common.CurrentVersion.targets(4911,5): warning MSB3026: Could not copy "C:\Users\Bakheet\Documents\Projects\BG\src\BG.Domain\bin\Debug\net8.0\BG.Domain.dll" to "bin\Debug\net8.0\BG.Domain.dll". Beginning retry 2 in 1000ms. The process cannot access the file 'C:\Users\Bakheet\Documents\Projects\BG\src\BG.Web\bin\Debug\net8.0\BG.Domain.dll' because it is being used by another process. The file is locked by: "BG.Web (26220), BG.Web (45960)" [C:\Users\Bakheet\Documents\Projects\BG\src\BG.Web\BG.Web.csproj]
C:\Program Files\dotnet\sdk\8.0.120\Microsoft.Common.CurrentVersion.targets(4911,5): warning MSB3026: Could not copy "C:\Users\Bakheet\Documents\Projects\BG\src\BG.Infrastructure\bin\Debug\net8.0\BG.Infrastructure.dll" to "bin\Debug\net8.0\BG.Infrastructure.dll". Beginning retry 2 in 1000ms. The process cannot access the file 'C:\Users\Bakheet\Documents\Projects\BG\src\BG.Web\bin\Debug\net8.0\BG.Infrastructure.dll' because it is being used by another process. The file is locked by: "BG.Web (26220), BG.Web (45960)" [C:\Users\Bakheet\Documents\Projects\BG\src\BG.Web\BG.Web.csproj]
C:\Program Files\dotnet\sdk\8.0.120\Microsoft.Common.CurrentVersion.targets(4911,5): warning MSB3026: Could not copy "C:\Users\Bakheet\Documents\Projects\BG\src\BG.Integrations\bin\Debug\net8.0\BG.Integrations.dll" to "bin\Debug\net8.0\BG.Integrations.dll". Beginning retry 2 in 1000ms. The process cannot access the file 'C:\Users\Bakheet\Documents\Projects\BG\src\BG.Web\bin\Debug\net8.0\BG.Integrations.dll' because it is being used by another process. The file is locked by: "BG.Web (26220), BG.Web (45960)" [C:\Users\Bakheet\Documents\Projects\BG\src\BG.Web\BG.Web.csproj]
C:\Program Files\dotnet\sdk\8.0.120\Microsoft.Common.CurrentVersion.targets(4911,5): warning MSB3026: Could not copy "C:\Users\Bakheet\Documents\Projects\BG\src\BG.Application\bin\Debug\net8.0\BG.Application.dll" to "bin\Debug\net8.0\BG.Application.dll". Beginning retry 2 in 1000ms. The process cannot access the file 'C:\Users\Bakheet\Documents\Projects\BG\src\BG.Web\bin\Debug\net8.0\BG.Application.dll' because it is being used by another process. The file is locked by: "BG.Web (26220), BG.Web (45960)" [C:\Users\Bakheet\Documents\Projects\BG\src\BG.Web\BG.Web.csproj]
C:\Program Files\dotnet\sdk\8.0.120\Microsoft.Common.CurrentVersion.targets(4911,5): warning MSB3026: Could not copy "C:\Users\Bakheet\Documents\Projects\BG\src\BG.Domain\bin\Debug\net8.0\BG.Domain.dll" to "bin\Debug\net8.0\BG.Domain.dll". Beginning retry 3 in 1000ms. The process cannot access the file 'C:\Users\Bakheet\Documents\Projects\BG\src\BG.Web\bin\Debug\net8.0\BG.Domain.dll' because it is being used by another process. The file is locked by: "BG.Web (26220), BG.Web (45960)" [C:\Users\Bakheet\Documents\Projects\BG\src\BG.Web\BG.Web.csproj]
C:\Program Files\dotnet\sdk\8.0.120\Microsoft.Common.CurrentVersion.targets(4911,5): warning MSB3026: Could not copy "C:\Users\Bakheet\Documents\Projects\BG\src\BG.Integrations\bin\Debug\net8.0\BG.Integrations.dll" to "bin\Debug\net8.0\BG.Integrations.dll". Beginning retry 3 in 1000ms. The process cannot access the file 'C:\Users\Bakheet\Documents\Projects\BG\src\BG.Web\bin\Debug\net8.0\BG.Integrations.dll' because it is being used by another process. The file is locked by: "BG.Web (26220), BG.Web (45960)" [C:\Users\Bakheet\Documents\Projects\BG\src\BG.Web\BG.Web.csproj]
C:\Program Files\dotnet\sdk\8.0.120\Microsoft.Common.CurrentVersion.targets(4911,5): warning MSB3026: Could not copy "C:\Users\Bakheet\Documents\Projects\BG\src\BG.Infrastructure\bin\Debug\net8.0\BG.Infrastructure.dll" to "bin\Debug\net8.0\BG.Infrastructure.dll". Beginning retry 3 in 1000ms. The process cannot access the file 'C:\Users\Bakheet\Documents\Projects\BG\src\BG.Web\bin\Debug\net8.0\BG.Infrastructure.dll' because it is being used by another process. The file is locked by: "BG.Web (26220), BG.Web (45960)" [C:\Users\Bakheet\Documents\Projects\BG\src\BG.Web\BG.Web.csproj]
C:\Program Files\dotnet\sdk\8.0.120\Microsoft.Common.CurrentVersion.targets(4911,5): warning MSB3026: Could not copy "C:\Users\Bakheet\Documents\Projects\BG\src\BG.Application\bin\Debug\net8.0\BG.Application.dll" to "bin\Debug\net8.0\BG.Application.dll". Beginning retry 3 in 1000ms. The process cannot access the file 'C:\Users\Bakheet\Documents\Projects\BG\src\BG.Web\bin\Debug\net8.0\BG.Application.dll' because it is being used by another process. The file is locked by: "BG.Web (26220), BG.Web (45960)" [C:\Users\Bakheet\Documents\Projects\BG\src\BG.Web\BG.Web.csproj]
C:\Program Files\dotnet\sdk\8.0.120\Microsoft.Common.CurrentVersion.targets(4911,5): warning MSB3026: Could not copy "C:\Users\Bakheet\Documents\Projects\BG\src\BG.Domain\bin\Debug\net8.0\BG.Domain.dll" to "bin\Debug\net8.0\BG.Domain.dll". Beginning retry 4 in 1000ms. The process cannot access the file 'C:\Users\Bakheet\Documents\Projects\BG\src\BG.Web\bin\Debug\net8.0\BG.Domain.dll' because it is being used by another process. The file is locked by: "BG.Web (26220), BG.Web (45960)" [C:\Users\Bakheet\Documents\Projects\BG\src\BG.Web\BG.Web.csproj]
C:\Program Files\dotnet\sdk\8.0.120\Microsoft.Common.CurrentVersion.targets(4911,5): warning MSB3026: Could not copy "C:\Users\Bakheet\Documents\Projects\BG\src\BG.Integrations\bin\Debug\net8.0\BG.Integrations.dll" to "bin\Debug\net8.0\BG.Integrations.dll". Beginning retry 4 in 1000ms. The process cannot access the file 'C:\Users\Bakheet\Documents\Projects\BG\src\BG.Web\bin\Debug\net8.0\BG.Integrations.dll' because it is being used by another process. The file is locked by: "BG.Web (26220), BG.Web (45960)" [C:\Users\Bakheet\Documents\Projects\BG\src\BG.Web\BG.Web.csproj]
C:\Program Files\dotnet\sdk\8.0.120\Microsoft.Common.CurrentVersion.targets(4911,5): warning MSB3026: Could not copy "C:\Users\Bakheet\Documents\Projects\BG\src\BG.Application\bin\Debug\net8.0\BG.Application.dll" to "bin\Debug\net8.0\BG.Application.dll". Beginning retry 4 in 1000ms. The process cannot access the file 'C:\Users\Bakheet\Documents\Projects\BG\src\BG.Web\bin\Debug\net8.0\BG.Application.dll' because it is being used by another process. The file is locked by: "BG.Web (26220), BG.Web (45960)" [C:\Users\Bakheet\Documents\Projects\BG\src\BG.Web\BG.Web.csproj]
C:\Program Files\dotnet\sdk\8.0.120\Microsoft.Common.CurrentVersion.targets(4911,5): warning MSB3026: Could not copy "C:\Users\Bakheet\Documents\Projects\BG\src\BG.Infrastructure\bin\Debug\net8.0\BG.Infrastructure.dll" to "bin\Debug\net8.0\BG.Infrastructure.dll". Beginning retry 4 in 1000ms. The process cannot access the file 'C:\Users\Bakheet\Documents\Projects\BG\src\BG.Web\bin\Debug\net8.0\BG.Infrastructure.dll' because it is being used by another process. The file is locked by: "BG.Web (26220), BG.Web (45960)" [C:\Users\Bakheet\Documents\Projects\BG\src\BG.Web\BG.Web.csproj]
C:\Program Files\dotnet\sdk\8.0.120\Microsoft.Common.CurrentVersion.targets(4911,5): warning MSB3026: Could not copy "C:\Users\Bakheet\Documents\Projects\BG\src\BG.Domain\bin\Debug\net8.0\BG.Domain.dll" to "bin\Debug\net8.0\BG.Domain.dll". Beginning retry 5 in 1000ms. The process cannot access the file 'C:\Users\Bakheet\Documents\Projects\BG\src\BG.Web\bin\Debug\net8.0\BG.Domain.dll' because it is being used by another process. The file is locked by: "BG.Web (26220), BG.Web (45960)" [C:\Users\Bakheet\Documents\Projects\BG\src\BG.Web\BG.Web.csproj]
C:\Program Files\dotnet\sdk\8.0.120\Microsoft.Common.CurrentVersion.targets(4911,5): warning MSB3026: Could not copy "C:\Users\Bakheet\Documents\Projects\BG\src\BG.Integrations\bin\Debug\net8.0\BG.Integrations.dll" to "bin\Debug\net8.0\BG.Integrations.dll". Beginning retry 5 in 1000ms. The process cannot access the file 'C:\Users\Bakheet\Documents\Projects\BG\src\BG.Web\bin\Debug\net8.0\BG.Integrations.dll' because it is being used by another process. The file is locked by: "BG.Web (26220), BG.Web (45960)" [C:\Users\Bakheet\Documents\Projects\BG\src\BG.Web\BG.Web.csproj]
C:\Program Files\dotnet\sdk\8.0.120\Microsoft.Common.CurrentVersion.targets(4911,5): warning MSB3026: Could not copy "C:\Users\Bakheet\Documents\Projects\BG\src\BG.Infrastructure\bin\Debug\net8.0\BG.Infrastructure.dll" to "bin\Debug\net8.0\BG.Infrastructure.dll". Beginning retry 5 in 1000ms. The process cannot access the file 'C:\Users\Bakheet\Documents\Projects\BG\src\BG.Web\bin\Debug\net8.0\BG.Infrastructure.dll' because it is being used by another process. The file is locked by: "BG.Web (26220), BG.Web (45960)" [C:\Users\Bakheet\Documents\Projects\BG\src\BG.Web\BG.Web.csproj]
C:\Program Files\dotnet\sdk\8.0.120\Microsoft.Common.CurrentVersion.targets(4911,5): warning MSB3026: Could not copy "C:\Users\Bakheet\Documents\Projects\BG\src\BG.Application\bin\Debug\net8.0\BG.Application.dll" to "bin\Debug\net8.0\BG.Application.dll". Beginning retry 5 in 1000ms. The process cannot access the file 'C:\Users\Bakheet\Documents\Projects\BG\src\BG.Web\bin\Debug\net8.0\BG.Application.dll' because it is being used by another process. The file is locked by: "BG.Web (26220), BG.Web (45960)" [C:\Users\Bakheet\Documents\Projects\BG\src\BG.Web\BG.Web.csproj]
C:\Program Files\dotnet\sdk\8.0.120\Microsoft.Common.CurrentVersion.targets(4911,5): warning MSB3026: Could not copy "C:\Users\Bakheet\Documents\Projects\BG\src\BG.Domain\bin\Debug\net8.0\BG.Domain.dll" to "bin\Debug\net8.0\BG.Domain.dll". Beginning retry 6 in 1000ms. The process cannot access the file 'C:\Users\Bakheet\Documents\Projects\BG\src\BG.Web\bin\Debug\net8.0\BG.Domain.dll' because it is being used by another process. The file is locked by: "BG.Web (26220), BG.Web (45960)" [C:\Users\Bakheet\Documents\Projects\BG\src\BG.Web\BG.Web.csproj]
C:\Program Files\dotnet\sdk\8.0.120\Microsoft.Common.CurrentVersion.targets(4911,5): warning MSB3026: Could not copy "C:\Users\Bakheet\Documents\Projects\BG\src\BG.Integrations\bin\Debug\net8.0\BG.Integrations.dll" to "bin\Debug\net8.0\BG.Integrations.dll". Beginning retry 6 in 1000ms. The process cannot access the file 'C:\Users\Bakheet\Documents\Projects\BG\src\BG.Web\bin\Debug\net8.0\BG.Integrations.dll' because it is being used by another process. The file is locked by: "BG.Web (26220), BG.Web (45960)" [C:\Users\Bakheet\Documents\Projects\BG\src\BG.Web\BG.Web.csproj]
C:\Program Files\dotnet\sdk\8.0.120\Microsoft.Common.CurrentVersion.targets(4911,5): warning MSB3026: Could not copy "C:\Users\Bakheet\Documents\Projects\BG\src\BG.Infrastructure\bin\Debug\net8.0\BG.Infrastructure.dll" to "bin\Debug\net8.0\BG.Infrastructure.dll". Beginning retry 6 in 1000ms. The process cannot access the file 'C:\Users\Bakheet\Documents\Projects\BG\src\BG.Web\bin\Debug\net8.0\BG.Infrastructure.dll' because it is being used by another process. The file is locked by: "BG.Web (26220), BG.Web (45960)" [C:\Users\Bakheet\Documents\Projects\BG\src\BG.Web\BG.Web.csproj]
C:\Program Files\dotnet\sdk\8.0.120\Microsoft.Common.CurrentVersion.targets(4911,5): warning MSB3026: Could not copy "C:\Users\Bakheet\Documents\Projects\BG\src\BG.Application\bin\Debug\net8.0\BG.Application.dll" to "bin\Debug\net8.0\BG.Application.dll". Beginning retry 6 in 1000ms. The process cannot access the file 'C:\Users\Bakheet\Documents\Projects\BG\src\BG.Web\bin\Debug\net8.0\BG.Application.dll' because it is being used by another process. The file is locked by: "BG.Web (26220), BG.Web (45960)" [C:\Users\Bakheet\Documents\Projects\BG\src\BG.Web\BG.Web.csproj]
C:\Program Files\dotnet\sdk\8.0.120\Microsoft.Common.CurrentVersion.targets(4911,5): warning MSB3026: Could not copy "C:\Users\Bakheet\Documents\Projects\BG\src\BG.Domain\bin\Debug\net8.0\BG.Domain.dll" to "bin\Debug\net8.0\BG.Domain.dll". Beginning retry 7 in 1000ms. The process cannot access the file 'C:\Users\Bakheet\Documents\Projects\BG\src\BG.Web\bin\Debug\net8.0\BG.Domain.dll' because it is being used by another process. The file is locked by: "BG.Web (26220), BG.Web (45960)" [C:\Users\Bakheet\Documents\Projects\BG\src\BG.Web\BG.Web.csproj]
C:\Program Files\dotnet\sdk\8.0.120\Microsoft.Common.CurrentVersion.targets(4911,5): warning MSB3026: Could not copy "C:\Users\Bakheet\Documents\Projects\BG\src\BG.Integrations\bin\Debug\net8.0\BG.Integrations.dll" to "bin\Debug\net8.0\BG.Integrations.dll". Beginning retry 7 in 1000ms. The process cannot access the file 'C:\Users\Bakheet\Documents\Projects\BG\src\BG.Web\bin\Debug\net8.0\BG.Integrations.dll' because it is being used by another process. The file is locked by: "BG.Web (26220), BG.Web (45960)" [C:\Users\Bakheet\Documents\Projects\BG\src\BG.Web\BG.Web.csproj]
C:\Program Files\dotnet\sdk\8.0.120\Microsoft.Common.CurrentVersion.targets(4911,5): warning MSB3026: Could not copy "C:\Users\Bakheet\Documents\Projects\BG\src\BG.Infrastructure\bin\Debug\net8.0\BG.Infrastructure.dll" to "bin\Debug\net8.0\BG.Infrastructure.dll". Beginning retry 7 in 1000ms. The process cannot access the file 'C:\Users\Bakheet\Documents\Projects\BG\src\BG.Web\bin\Debug\net8.0\BG.Infrastructure.dll' because it is being used by another process. The file is locked by: "BG.Web (26220), BG.Web (45960)" [C:\Users\Bakheet\Documents\Projects\BG\src\BG.Web\BG.Web.csproj]
C:\Program Files\dotnet\sdk\8.0.120\Microsoft.Common.CurrentVersion.targets(4911,5): warning MSB3026: Could not copy "C:\Users\Bakheet\Documents\Projects\BG\src\BG.Application\bin\Debug\net8.0\BG.Application.dll" to "bin\Debug\net8.0\BG.Application.dll". Beginning retry 7 in 1000ms. The process cannot access the file 'C:\Users\Bakheet\Documents\Projects\BG\src\BG.Web\bin\Debug\net8.0\BG.Application.dll' because it is being used by another process. The file is locked by: "BG.Web (26220), BG.Web (45960)" [C:\Users\Bakheet\Documents\Projects\BG\src\BG.Web\BG.Web.csproj]
C:\Program Files\dotnet\sdk\8.0.120\Microsoft.Common.CurrentVersion.targets(4911,5): warning MSB3026: Could not copy "C:\Users\Bakheet\Documents\Projects\BG\src\BG.Domain\bin\Debug\net8.0\BG.Domain.dll" to "bin\Debug\net8.0\BG.Domain.dll". Beginning retry 8 in 1000ms. The process cannot access the file 'C:\Users\Bakheet\Documents\Projects\BG\src\BG.Web\bin\Debug\net8.0\BG.Domain.dll' because it is being used by another process. The file is locked by: "BG.Web (26220), BG.Web (45960)" [C:\Users\Bakheet\Documents\Projects\BG\src\BG.Web\BG.Web.csproj]
C:\Program Files\dotnet\sdk\8.0.120\Microsoft.Common.CurrentVersion.targets(4911,5): warning MSB3026: Could not copy "C:\Users\Bakheet\Documents\Projects\BG\src\BG.Integrations\bin\Debug\net8.0\BG.Integrations.dll" to "bin\Debug\net8.0\BG.Integrations.dll". Beginning retry 8 in 1000ms. The process cannot access the file 'C:\Users\Bakheet\Documents\Projects\BG\src\BG.Web\bin\Debug\net8.0\BG.Integrations.dll' because it is being used by another process. The file is locked by: "BG.Web (26220), BG.Web (45960)" [C:\Users\Bakheet\Documents\Projects\BG\src\BG.Web\BG.Web.csproj]
C:\Program Files\dotnet\sdk\8.0.120\Microsoft.Common.CurrentVersion.targets(4911,5): warning MSB3026: Could not copy "C:\Users\Bakheet\Documents\Projects\BG\src\BG.Application\bin\Debug\net8.0\BG.Application.dll" to "bin\Debug\net8.0\BG.Application.dll". Beginning retry 8 in 1000ms. The process cannot access the file 'C:\Users\Bakheet\Documents\Projects\BG\src\BG.Web\bin\Debug\net8.0\BG.Application.dll' because it is being used by another process. The file is locked by: "BG.Web (26220), BG.Web (45960)" [C:\Users\Bakheet\Documents\Projects\BG\src\BG.Web\BG.Web.csproj]
C:\Program Files\dotnet\sdk\8.0.120\Microsoft.Common.CurrentVersion.targets(4911,5): warning MSB3026: Could not copy "C:\Users\Bakheet\Documents\Projects\BG\src\BG.Infrastructure\bin\Debug\net8.0\BG.Infrastructure.dll" to "bin\Debug\net8.0\BG.Infrastructure.dll". Beginning retry 8 in 1000ms. The process cannot access the file 'C:\Users\Bakheet\Documents\Projects\BG\src\BG.Web\bin\Debug\net8.0\BG.Infrastructure.dll' because it is being used by another process. The file is locked by: "BG.Web (26220), BG.Web (45960)" [C:\Users\Bakheet\Documents\Projects\BG\src\BG.Web\BG.Web.csproj]
C:\Program Files\dotnet\sdk\8.0.120\Microsoft.Common.CurrentVersion.targets(4911,5): warning MSB3026: Could not copy "C:\Users\Bakheet\Documents\Projects\BG\src\BG.Domain\bin\Debug\net8.0\BG.Domain.dll" to "bin\Debug\net8.0\BG.Domain.dll". Beginning retry 9 in 1000ms. The process cannot access the file 'C:\Users\Bakheet\Documents\Projects\BG\src\BG.Web\bin\Debug\net8.0\BG.Domain.dll' because it is being used by another process. The file is locked by: "BG.Web (26220), BG.Web (45960)" [C:\Users\Bakheet\Documents\Projects\BG\src\BG.Web\BG.Web.csproj]
C:\Program Files\dotnet\sdk\8.0.120\Microsoft.Common.CurrentVersion.targets(4911,5): warning MSB3026: Could not copy "C:\Users\Bakheet\Documents\Projects\BG\src\BG.Integrations\bin\Debug\net8.0\BG.Integrations.dll" to "bin\Debug\net8.0\BG.Integrations.dll". Beginning retry 9 in 1000ms. The process cannot access the file 'C:\Users\Bakheet\Documents\Projects\BG\src\BG.Web\bin\Debug\net8.0\BG.Integrations.dll' because it is being used by another process. The file is locked by: "BG.Web (26220), BG.Web (45960)" [C:\Users\Bakheet\Documents\Projects\BG\src\BG.Web\BG.Web.csproj]
C:\Program Files\dotnet\sdk\8.0.120\Microsoft.Common.CurrentVersion.targets(4911,5): warning MSB3026: Could not copy "C:\Users\Bakheet\Documents\Projects\BG\src\BG.Infrastructure\bin\Debug\net8.0\BG.Infrastructure.dll" to "bin\Debug\net8.0\BG.Infrastructure.dll". Beginning retry 9 in 1000ms. The process cannot access the file 'C:\Users\Bakheet\Documents\Projects\BG\src\BG.Web\bin\Debug\net8.0\BG.Infrastructure.dll' because it is being used by another process. The file is locked by: "BG.Web (26220), BG.Web (45960)" [C:\Users\Bakheet\Documents\Projects\BG\src\BG.Web\BG.Web.csproj]
C:\Program Files\dotnet\sdk\8.0.120\Microsoft.Common.CurrentVersion.targets(4911,5): warning MSB3026: Could not copy "C:\Users\Bakheet\Documents\Projects\BG\src\BG.Application\bin\Debug\net8.0\BG.Application.dll" to "bin\Debug\net8.0\BG.Application.dll". Beginning retry 9 in 1000ms. The process cannot access the file 'C:\Users\Bakheet\Documents\Projects\BG\src\BG.Web\bin\Debug\net8.0\BG.Application.dll' because it is being used by another process. The file is locked by: "BG.Web (26220), BG.Web (45960)" [C:\Users\Bakheet\Documents\Projects\BG\src\BG.Web\BG.Web.csproj]
C:\Program Files\dotnet\sdk\8.0.120\Microsoft.Common.CurrentVersion.targets(4911,5): warning MSB3026: Could not copy "C:\Users\Bakheet\Documents\Projects\BG\src\BG.Integrations\bin\Debug\net8.0\BG.Integrations.dll" to "bin\Debug\net8.0\BG.Integrations.dll". Beginning retry 10 in 1000ms. The process cannot access the file 'C:\Users\Bakheet\Documents\Projects\BG\src\BG.Web\bin\Debug\net8.0\BG.Integrations.dll' because it is being used by another process. The file is locked by: "BG.Web (26220), BG.Web (45960)" [C:\Users\Bakheet\Documents\Projects\BG\src\BG.Web\BG.Web.csproj]
C:\Program Files\dotnet\sdk\8.0.120\Microsoft.Common.CurrentVersion.targets(4911,5): warning MSB3026: Could not copy "C:\Users\Bakheet\Documents\Projects\BG\src\BG.Domain\bin\Debug\net8.0\BG.Domain.dll" to "bin\Debug\net8.0\BG.Domain.dll". Beginning retry 10 in 1000ms. The process cannot access the file 'C:\Users\Bakheet\Documents\Projects\BG\src\BG.Web\bin\Debug\net8.0\BG.Domain.dll' because it is being used by another process. The file is locked by: "BG.Web (26220), BG.Web (45960)" [C:\Users\Bakheet\Documents\Projects\BG\src\BG.Web\BG.Web.csproj]
C:\Program Files\dotnet\sdk\8.0.120\Microsoft.Common.CurrentVersion.targets(4911,5): warning MSB3026: Could not copy "C:\Users\Bakheet\Documents\Projects\BG\src\BG.Application\bin\Debug\net8.0\BG.Application.dll" to "bin\Debug\net8.0\BG.Application.dll". Beginning retry 10 in 1000ms. The process cannot access the file 'C:\Users\Bakheet\Documents\Projects\BG\src\BG.Web\bin\Debug\net8.0\BG.Application.dll' because it is being used by another process. The file is locked by: "BG.Web (26220), BG.Web (45960)" [C:\Users\Bakheet\Documents\Projects\BG\src\BG.Web\BG.Web.csproj]
C:\Program Files\dotnet\sdk\8.0.120\Microsoft.Common.CurrentVersion.targets(4911,5): warning MSB3026: Could not copy "C:\Users\Bakheet\Documents\Projects\BG\src\BG.Infrastructure\bin\Debug\net8.0\BG.Infrastructure.dll" to "bin\Debug\net8.0\BG.Infrastructure.dll". Beginning retry 10 in 1000ms. The process cannot access the file 'C:\Users\Bakheet\Documents\Projects\BG\src\BG.Web\bin\Debug\net8.0\BG.Infrastructure.dll' because it is being used by another process. The file is locked by: "BG.Web (26220), BG.Web (45960)" [C:\Users\Bakheet\Documents\Projects\BG\src\BG.Web\BG.Web.csproj]
C:\Program Files\dotnet\sdk\8.0.120\Microsoft.Common.CurrentVersion.targets(4911,5): error MSB3027: Could not copy "C:\Users\Bakheet\Documents\Projects\BG\src\BG.Domain\bin\Debug\net8.0\BG.Domain.dll" to "bin\Debug\net8.0\BG.Domain.dll". Exceeded retry count of 10. Failed. The file is locked by: "BG.Web (26220), BG.Web (45960)" [C:\Users\Bakheet\Documents\Projects\BG\src\BG.Web\BG.Web.csproj]
C:\Program Files\dotnet\sdk\8.0.120\Microsoft.Common.CurrentVersion.targets(4911,5): error MSB3021: Unable to copy file "C:\Users\Bakheet\Documents\Projects\BG\src\BG.Domain\bin\Debug\net8.0\BG.Domain.dll" to "bin\Debug\net8.0\BG.Domain.dll". The process cannot access the file 'C:\Users\Bakheet\Documents\Projects\BG\src\BG.Web\bin\Debug\net8.0\BG.Domain.dll' because it is being used by another process. [C:\Users\Bakheet\Documents\Projects\BG\src\BG.Web\BG.Web.csproj]
C:\Program Files\dotnet\sdk\8.0.120\Microsoft.Common.CurrentVersion.targets(4911,5): error MSB3027: Could not copy "C:\Users\Bakheet\Documents\Projects\BG\src\BG.Integrations\bin\Debug\net8.0\BG.Integrations.dll" to "bin\Debug\net8.0\BG.Integrations.dll". Exceeded retry count of 10. Failed. The file is locked by: "BG.Web (26220), BG.Web (45960)" [C:\Users\Bakheet\Documents\Projects\BG\src\BG.Web\BG.Web.csproj]
C:\Program Files\dotnet\sdk\8.0.120\Microsoft.Common.CurrentVersion.targets(4911,5): error MSB3021: Unable to copy file "C:\Users\Bakheet\Documents\Projects\BG\src\BG.Integrations\bin\Debug\net8.0\BG.Integrations.dll" to "bin\Debug\net8.0\BG.Integrations.dll". The process cannot access the file 'C:\Users\Bakheet\Documents\Projects\BG\src\BG.Web\bin\Debug\net8.0\BG.Integrations.dll' because it is being used by another process. [C:\Users\Bakheet\Documents\Projects\BG\src\BG.Web\BG.Web.csproj]
C:\Program Files\dotnet\sdk\8.0.120\Microsoft.Common.CurrentVersion.targets(4911,5): error MSB3027: Could not copy "C:\Users\Bakheet\Documents\Projects\BG\src\BG.Application\bin\Debug\net8.0\BG.Application.dll" to "bin\Debug\net8.0\BG.Application.dll". Exceeded retry count of 10. Failed. The file is locked by: "BG.Web (26220), BG.Web (45960)" [C:\Users\Bakheet\Documents\Projects\BG\src\BG.Web\BG.Web.csproj]
C:\Program Files\dotnet\sdk\8.0.120\Microsoft.Common.CurrentVersion.targets(4911,5): error MSB3021: Unable to copy file "C:\Users\Bakheet\Documents\Projects\BG\src\BG.Application\bin\Debug\net8.0\BG.Application.dll" to "bin\Debug\net8.0\BG.Application.dll". The process cannot access the file 'C:\Users\Bakheet\Documents\Projects\BG\src\BG.Web\bin\Debug\net8.0\BG.Application.dll' because it is being used by another process. [C:\Users\Bakheet\Documents\Projects\BG\src\BG.Web\BG.Web.csproj]
C:\Program Files\dotnet\sdk\8.0.120\Microsoft.Common.CurrentVersion.targets(4911,5): error MSB3027: Could not copy "C:\Users\Bakheet\Documents\Projects\BG\src\BG.Infrastructure\bin\Debug\net8.0\BG.Infrastructure.dll" to "bin\Debug\net8.0\BG.Infrastructure.dll". Exceeded retry count of 10. Failed. The file is locked by: "BG.Web (26220), BG.Web (45960)" [C:\Users\Bakheet\Documents\Projects\BG\src\BG.Web\BG.Web.csproj]
C:\Program Files\dotnet\sdk\8.0.120\Microsoft.Common.CurrentVersion.targets(4911,5): error MSB3021: Unable to copy file "C:\Users\Bakheet\Documents\Projects\BG\src\BG.Infrastructure\bin\Debug\net8.0\BG.Infrastructure.dll" to "bin\Debug\net8.0\BG.Infrastructure.dll". The process cannot access the file 'C:\Users\Bakheet\Documents\Projects\BG\src\BG.Web\bin\Debug\net8.0\BG.Infrastructure.dll' because it is being used by another process. [C:\Users\Bakheet\Documents\Projects\BG\src\BG.Web\BG.Web.csproj]
    45 Warning(s)
    8 Error(s)

Time Elapsed 00:00:17.53
